../Core/Src/main.c:91:1:HAL_GPIO_EXTI_Callback	16	static
../Core/Src/main.c:101:5:main	8	static
../Core/Src/main.c:148:13:mode_selection	8	static
../Core/Src/main.c:227:13:exploration	120	static
../Core/Src/main.c:377:13:exploration_warning	8	static
../Core/Src/main.c:394:13:battle	152	static
../Core/Src/main.c:541:13:charge_fluxer_battery	4	static
../Core/Src/main.c:551:13:battle_warning	8	static
../Core/Src/main.c:574:13:reset_sensor_warning_flags	4	static
../Core/Src/main.c:581:13:MX_GPIO_Init	40	static
../Core/Src/main.c:630:13:UART1_Init	32	static
