../Core/Src/main.c:87:1:HAL_GPIO_EXTI_Callback	16	static
../Core/Src/main.c:97:5:main	8	static
../Core/Src/main.c:147:13:mode_selection	8	static
../Core/Src/main.c:225:13:exploration	128	static
../Core/Src/main.c:373:13:exploration_warning	8	static
../Core/Src/main.c:387:13:battle	192	static
../Core/Src/main.c:481:13:read_accelerometer	64	static
../Core/Src/main.c:498:13:reset_sensor_warning_flags	4	static
../Core/Src/main.c:505:13:MX_GPIO_Init	40	static
../Core/Src/main.c:554:13:UART1_Init	32	static
